     194318 events
     193079 events
     184268 events
      29953 events
      29928 events
      19564 events
      18778 events
      18565 events
      17249 events
      15697 events
      14949 events
      14944 events
       9507 events
       5986 events
